// Jest Snapshot v1, https://goo.gl/fbAQLP

exports[`Copyright information 1`] = `
<p>
  Â©
   2021 HETflix  | All right reserved
</p>
`;
